06-04 12:45:28.703 10568 10568 D CompatChangeReporter: Compat change id reported: 377864165; UID 10228; state: ENABLED
06-04 12:45:28.708 10568 10568 W unknown:BridgelessReact: ReactHost{0}.startSurface(surfaceId = 0): Schedule
06-04 12:45:28.708 10568 10568 W unknown:BridgelessReact: ReactHost{0}.attachSurface(surfaceId = 0)
06-04 12:45:28.708 10568 10587 W unknown:BridgelessReact: ReactHost{0}.getOrCreateReactInstanceTask()
06-04 12:45:28.708 10568 10587 W unknown:BridgelessReact: ReactHost{0}.getOrCreateReactInstanceTask(): Start
06-04 12:45:28.708 10568 10587 W unknown:BridgelessReact: ReactHost{0}.getJSBundleLoader()
06-04 12:45:28.708 10568 10587 W unknown:BridgelessReact: ReactHost{0}.getOrCreateReactContext(): Creating BridgelessReactContext
06-04 12:45:28.708 10568 10587 W unknown:BridgelessReact: ReactHost{0}.getOrCreateReactInstanceTask(): Creating ReactInstance
06-04 12:45:28.710 10568 10568 W WindowOnBackDispatcher: OnBackInvokedCallback is not enabled for the application.
06-04 12:45:28.710 10568 10568 W WindowOnBackDispatcher: Set 'android:enableOnBackInvokedCallback="true"' in the application manifest.
06-04 12:45:28.711 10568 10568 W unknown:BridgelessReact: ReactHost{0}.onHostResume(activity)
06-04 12:45:28.711 10568 10568 W unknown:BridgelessReact: ReactContext.onHostResume()
06-04 12:45:28.712 10568 10568 W HWUI    : Unknown dataspace 0
06-04 12:45:28.714   489   572 W skia    : AGTM parsing failed flags.readFromStream(s) at 159
06-04 12:45:28.715   489   572 W skia    : AGTM parsing failed flags.readFromStream(s) at 159
06-04 12:45:28.715 10568 10587 D nativeloader: Load /data/app/~~hEqKB9ejhtW4yy-MypAY3A==/com.harshgupta1708.gymtracker-MbePqUHj8VOjkJ7B-m3AaA==/base.apk!/lib/arm64-v8a/libhermes.so using class loader ns clns-9 (caller=/data/app/~~hEqKB9ejhtW4yy-MypAY3A==/com.harshgupta1708.gymtracker-MbePqUHj8VOjkJ7B-m3AaA==/base.apk!classes2.dex): ok
06-04 12:45:28.714  1083  1177 V RecentTasksController: Notify recent tasks changed
06-04 12:45:28.715 10568 10587 D nativeloader: Load /data/app/~~hEqKB9ejhtW4yy-MypAY3A==/com.harshgupta1708.gymtracker-MbePqUHj8VOjkJ7B-m3AaA==/base.apk!/lib/arm64-v8a/libhermestooling.so using class loader ns clns-9 (caller=/data/app/~~hEqKB9ejhtW4yy-MypAY3A==/com.harshgupta1708.gymtracker-MbePqUHj8VOjkJ7B-m3AaA==/base.apk!classes2.dex): ok
06-04 12:45:28.715 10568 10587 D jni_lib_merge: Entering merged library JNI_OnLoad.
06-04 12:45:28.715 10568 10587 D jni_lib_merge: Preparing 4 pre-merged libs (including stub)
06-04 12:45:28.715 10568 10587 D jni_lib_merge: Preparing to register libhermes_executor_so.  onload_func: 0x73d2b1bd74b0
06-04 12:45:28.715 10568 10587 D jni_lib_merge: Preparing to register libhermesinstancejni_so.  onload_func: 0x73d2b1bde900
06-04 12:45:28.715 10568 10587 D jni_lib_merge: Preparing to register libjsijniprofiler_so.  onload_func: 0x73d2b1bdf0ec
06-04 12:45:28.715 10568 10587 D jni_lib_merge: About to register 3 actual methods.
06-04 12:45:28.716  1398  1398 D RecentTasksList: invalidateLoadedTasks - previous requestLoadId: -1
06-04 12:45:28.716  1083  1177 V RecentTasksController: generateList(getRecentTasks)
06-04 12:45:28.716  1083  1177 V RecentTasksController: initializeDesksMap - allDeskIds: []
06-04 12:45:28.717  1083  1177 V RecentTasksController: Task 33 is not an active desktop task
06-04 12:45:28.717  1083  1177 V RecentTasksController: Added fullscreen task: 33
06-04 12:45:28.717  1083  1177 V RecentTasksController: Task 24 is not an active desktop task
06-04 12:45:28.717  1083  1177 V RecentTasksController: Added fullscreen task: 24
06-04 12:45:28.717  1083  1177 V RecentTasksController: Task 19 is not an active desktop task
06-04 12:45:28.717  1083  1177 V RecentTasksController: Added fullscreen task: 19
06-04 12:45:28.717  1083  1177 V RecentTasksController: generateList - complete
06-04 12:45:28.717  1398  1435 D PreloadThumbnailUseCase: Preloading thumbnails for task ids: [[id=19 windowingMode=1 user=0 lastActiveTime=289340] null, [id=24 windowingMode=1 user=0 lastActiveTime=502989] null, [id=33 windowingMode=1 user=0 lastActiveTime=2851302] null]
06-04 12:45:28.717 10568 10590 W libc    : Access denied finding property "vendor.mesa.virtgpu.kumquat"
06-04 12:45:28.718 10568 10582 I GFXSTREAM: [eglDisplay.cpp(297)] Opening libGLESv1_CM_emulation.so
06-04 12:45:28.718 10568 10582 I GFXSTREAM: [eglDisplay.cpp(297)] Opening libGLESv2_emulation.so
06-04 12:45:28.718 10568 10582 W libc    : Access denied finding property "vendor.mesa.virtgpu.kumquat"
06-04 12:45:28.720 10568 10582 W HWUI    : Failed to choose config with EGL_SWAP_BEHAVIOR_PRESERVED, retrying without...
06-04 12:45:28.720 10568 10582 W HWUI    : Failed to initialize 101010-2 format, error = EGL_SUCCESS
06-04 12:45:28.725   638  1154 W InputChannel-JNI: Channel already disposed.
06-04 12:45:28.726 10568 10587 I ExpoModulesCore: ✅ AppContext was initialized
06-04 12:45:28.729 10568 10568 D VRI[MainActivity]: WindowInsets changed: 1080x2400 statusBars:[0,63,0,0] navigationBars:[0,0,0,63] mandatorySystemGestures:[0,63,0,84] 
06-04 12:45:28.729 10568 10568 D WindowOnBackDispatcher: setTopOnBackInvokedCallback (unwrapped): android.view.ViewRootImpl$$ExternalSyntheticLambda14@a626674
06-04 12:45:28.729   638  2365 D CoreBackPreview: Window{f519833 u0 com.harshgupta1708.gymtracker/com.harshgupta1708.gymtracker.MainActivity}: Setting back callback OnBackInvokedCallbackInfo{mCallback=android.window.IOnBackInvokedCallback$Stub$Proxy@86137ee, mPriority=0, mIsAnimationCallback=false, mOverrideBehavior=0}
06-04 12:45:28.730   638  2365 D WindowManager: setClientSurface Surface(name=VRI-com.harshgupta1708.gymtracker/com.harshgupta1708.gymtracker.MainActivity#909)/@0x83848f for f519833 com.harshgupta1708.gymtracker/com.harshgupta1708.gymtracker.MainActivity
06-04 12:45:28.731 10568 10568 I Surface : Creating surface for consumer unnamed-10568-0 with slotExpansion=1 for 64 slots
06-04 12:45:28.731 10568 10568 I Surface : Creating surface for consumer VRI[MainActivity]#0(BLAST Consumer)0 with slotExpansion=1 for 64 slots
06-04 12:45:28.736 10568 10587 W unknown:BridgelessReact: ReactHost{0}.getOrCreateReactInstanceTask(): Loading JS Bundle
06-04 12:45:28.738 10568 10587 W unknown:BridgelessReact: ReactHost{0}.getOrCreateReactInstanceTask(): Calling DevSupportManagerBase.onNewReactContextCreated(reactContext)
06-04 12:45:28.739 10568 10587 W unknown:BridgelessReact: ReactHost{0}.startSurface(surfaceId = 0): Execute
06-04 12:45:28.740 10568 10588 D nativeloader: Load /data/app/~~hEqKB9ejhtW4yy-MypAY3A==/com.harshgupta1708.gymtracker-MbePqUHj8VOjkJ7B-m3AaA==/base.apk!/lib/arm64-v8a/libexpo-modules-core.so using class loader ns clns-9 (caller=/data/app/~~hEqKB9ejhtW4yy-MypAY3A==/com.harshgupta1708.gymtracker-MbePqUHj8VOjkJ7B-m3AaA==/base.apk!classes2.dex): ok
06-04 12:45:28.742 10568 10568 W unknown:BridgelessReact: ReactContext.onHostResume()
06-04 12:45:28.742 10568 10568 W unknown:BridgelessReact: ReactHost{0}.getOrCreateReactInstanceTask(): Executing ReactInstanceEventListeners
06-04 12:45:28.743 10568 10588 W unknown:ViewManagerPropertyUpdater: Could not find generated setter for class com.th3rdwave.safeareacontext.SafeAreaProviderManager
06-04 12:45:28.744 10568 10588 W unknown:ViewManagerPropertyUpdater: Could not find generated setter for class com.facebook.react.uimanager.LayoutShadowNode
06-04 12:45:28.744 10568 10588 W unknown:ViewManagerPropertyUpdater: Could not find generated setter for class com.swmansion.rnscreens.SearchBarManager
06-04 12:45:28.745 10568 10588 W unknown:ViewManagerPropertyUpdater: Could not find generated setter for class com.swmansion.rnscreens.ScreenFooterManager
06-04 12:45:28.745 10568 10588 W unknown:ViewManagerPropertyUpdater: Could not find generated setter for class com.swmansion.rnscreens.gamma.tabs.TabScreenViewManager
06-04 12:45:28.745 10568 10588 W unknown:ViewManagerPropertyUpdater: Could not find generated setter for class expo.modules.kotlin.views.GroupViewManagerWrapper
06-04 12:45:28.746 10568 10588 W unknown:ViewManagerPropertyUpdater: Could not find generated setter for class com.swmansion.rnscreens.ScreenContainerViewManager
06-04 12:45:28.746 10568 10588 W unknown:ViewManagerPropertyUpdater: Could not find generated setter for class com.swmansion.rnscreens.gamma.tabs.TabsHostViewManager
06-04 12:45:28.746 10568 10588 W unknown:ViewManagerPropertyUpdater: Could not find generated setter for class com.swmansion.rnscreens.ModalScreenViewManager
06-04 12:45:28.746 10568 10588 W unknown:ViewManagerPropertyUpdater: Could not find generated setter for class com.swmansion.rnscreens.ScreenStackHeaderConfigViewManager
06-04 12:45:28.746 10568 10588 W unknown:ViewManagerPropertyUpdater: Could not find generated setter for class com.swmansion.rnscreens.ScreenContentWrapperManager
06-04 12:45:28.747 10568 10588 W unknown:ViewManagerPropertyUpdater: Could not find generated setter for class com.th3rdwave.safeareacontext.SafeAreaViewManager
06-04 12:45:28.747 10568 10588 W unknown:ViewManagerPropertyUpdater: Could not find generated setter for class com.th3rdwave.safeareacontext.SafeAreaViewShadowNode
06-04 12:45:28.747 10568 10588 W unknown:ViewManagerPropertyUpdater: Could not find generated setter for class com.swmansion.rnscreens.ScreenViewManager
06-04 12:45:28.747 10568 10588 W unknown:ViewManagerPropertyUpdater: Could not find generated setter for class com.swmansion.rnscreens.ScreenStackHeaderSubviewManager
06-04 12:45:28.747 10568 10588 W unknown:ViewManagerPropertyUpdater: Could not find generated setter for class com.swmansion.rnscreens.ScreenStackViewManager
06-04 12:45:28.750 10568 10588 W unknown:ViewManagerPropertyUpdater: Could not find generated setter for class com.horcrux.svg.RenderableViewManager$DefsViewManager
06-04 12:45:28.750 10568 10588 W unknown:ViewManagerPropertyUpdater: Could not find generated setter for class com.horcrux.svg.VirtualViewManager$RenderableShadowNode
06-04 12:45:28.751 10568 10588 W unknown:ViewManagerPropertyUpdater: Could not find generated setter for class com.horcrux.svg.RenderableViewManager$FeMergeManager
06-04 12:45:28.751 10568 10588 W unknown:ViewManagerPropertyUpdater: Could not find generated setter for class com.facebook.react.views.safeareaview.ReactSafeAreaViewManager
06-04 12:45:28.751 10568 10588 W unknown:ViewManagerPropertyUpdater: Could not find generated setter for class com.facebook.react.views.safeareaview.ReactSafeAreaViewShadowNode
06-04 12:45:28.752 10568 10588 W unknown:ViewManagerPropertyUpdater: Could not find generated setter for class com.horcrux.svg.RenderableViewManager$LinearGradientManager
06-04 12:45:28.752 10568 10588 W unknown:ViewManagerPropertyUpdater: Could not find generated setter for class com.horcrux.svg.RenderableViewManager$FeGaussianBlurManager
06-04 12:45:28.752 10568 10588 W unknown:ViewManagerPropertyUpdater: Could not find generated setter for class com.facebook.react.views.progressbar.ReactProgressBarViewManager
06-04 12:45:28.753 10568 10588 W unknown:ViewManagerPropertyUpdater: Could not find generated setter for class com.facebook.react.views.progressbar.ProgressBarShadowNode
06-04 12:45:28.753 10568 10588 W unknown:ViewManagerPropertyUpdater: Could not find generated setter for class com.facebook.react.views.scroll.ReactHorizontalScrollViewManager
06-04 12:45:28.753 10568 10588 W unknown:ViewManagerPropertyUpdater: Could not find generated setter for class com.facebook.react.views.text.ReactTextViewManager
06-04 12:45:28.754 10568 10588 W unknown:ViewManagerPropertyUpdater: Could not find generated setter for class com.facebook.react.views.text.ReactTextShadowNode
06-04 12:45:28.754 10568 10588 W unknown:ViewManagerPropertyUpdater: Could not find generated setter for class com.horcrux.svg.RenderableViewManager$FeColorMatrixManager
06-04 12:45:28.754 10568 10588 W unknown:ViewManagerPropertyUpdater: Could not find generated setter for class com.facebook.react.views.scroll.ReactHorizontalScrollContainerViewManager
06-04 12:45:28.755 10568 10588 W unknown:ViewManagerPropertyUpdater: Could not find generated setter for class com.horcrux.svg.RenderableViewManager$ClipPathViewManager
06-04 12:45:28.755 10568 10588 W unknown:ViewManagerPropertyUpdater: Could not find generated setter for class com.horcrux.svg.RenderableViewManager$SymbolManager
06-04 12:45:28.756 10568 10588 W unknown:ViewManagerPropertyUpdater: Could not find generated setter for class com.horcrux.svg.RenderableViewManager$PatternManager
06-04 12:45:28.756 10568 10588 W unknown:ViewManagerPropertyUpdater: Could not find generated setter for class com.horcrux.svg.RenderableViewManager$FeBlendManager
06-04 12:45:28.756 10568 10588 W unknown:ViewManagerPropertyUpdater: Could not find generated setter for class com.facebook.react.views.view.ReactViewManager
06-04 12:45:28.757 10568 10588 W unknown:ViewManagerPropertyUpdater: Could not find generated setter for class com.horcrux.svg.SvgViewManager
06-04 12:45:28.757 10568 10588 W unknown:ViewManagerPropertyUpdater: Could not find generated setter for class com.facebook.react.views.switchview.ReactSwitchManager
06-04 12:45:28.758 10568 10588 W unknown:ViewManagerPropertyUpdater: Could not find generated setter for class com.facebook.react.views.switchview.ReactSwitchShadowNode
06-04 12:45:28.758 10568 10588 W unknown:ViewManagerPropertyUpdater: Could not find generated setter for class com.horcrux.svg.RenderableViewManager$UseViewManager
06-04 12:45:28.758 10568 10588 W unknown:ViewManagerPropertyUpdater: Could not find generated setter for class com.horcrux.svg.RenderableViewManager$CircleViewManager
06-04 12:45:28.759 10568 10588 W unknown:ViewManagerPropertyUpdater: Could not find generated setter for class com.horcrux.svg.RenderableViewManager$TSpanViewManager
06-04 12:45:28.759 10568 10588 W unknown:ViewManagerPropertyUpdater: Could not find generated setter for class com.horcrux.svg.RenderableViewManager$FilterManager
06-04 12:45:28.760 10568 10588 W unknown:ViewManagerPropertyUpdater: Could not find generated setter for class com.horcrux.svg.RenderableViewManager$MarkerManager
06-04 12:45:28.762 10568 10588 W unknown:ViewManagerPropertyUpdater: Could not find generated setter for class com.swmansion.gesturehandler.react.RNGestureHandlerButtonViewManager
06-04 12:45:28.763 10568 10588 W unknown:ViewManagerPropertyUpdater: Could not find generated setter for class com.facebook.react.views.modal.ReactModalHostManager
06-04 12:45:28.763 10568 10588 W unknown:ViewManagerPropertyUpdater: Could not find generated setter for class com.horcrux.svg.RenderableViewManager$ForeignObjectManager
06-04 12:45:28.764 10568 10588 W unknown:ViewManagerPropertyUpdater: Could not find generated setter for class com.horcrux.svg.RenderableViewManager$EllipseViewManager
06-04 12:45:28.764 10568 10588 W unknown:ViewManagerPropertyUpdater: Could not find generated setter for class com.horcrux.svg.RenderableViewManager$LineViewManager
06-04 12:45:28.765 10568 10588 W unknown:ViewManagerPropertyUpdater: Could not find generated setter for class com.facebook.react.views.text.frescosupport.FrescoBasedReactTextInlineImageViewManager
06-04 12:45:28.765 10568 10588 W unknown:ViewManagerPropertyUpdater: Could not find generated setter for class com.facebook.react.views.text.frescosupport.FrescoBasedReactTextInlineImageShadowNode
06-04 12:45:28.765 10568 10588 W unknown:ViewManagerPropertyUpdater: Could not find generated setter for class com.horcrux.svg.RenderableViewManager$FeFloodManager
06-04 12:45:28.766 10568 10588 W unknown:ViewManagerPropertyUpdater: Could not find generated setter for class com.horcrux.svg.RenderableViewManager$GroupViewManager
06-04 12:45:28.766 10568 10588 W unknown:ViewManagerPropertyUpdater: Could not find generated setter for class com.horcrux.svg.RenderableViewManager$TextViewManager
06-04 12:45:28.766 10568 10588 W unknown:ViewManagerPropertyUpdater: Could not find generated setter for class com.horcrux.svg.RenderableViewManager$ImageViewManager
06-04 12:45:28.767 10568 10588 W unknown:ViewManagerPropertyUpdater: Could not find generated setter for class com.horcrux.svg.RenderableViewManager$FeCompositeManager
06-04 12:45:28.767 10568 10588 W unknown:ViewManagerPropertyUpdater: Could not find generated setter for class com.facebook.react.views.image.ReactImageManager
06-04 12:45:28.767 10568 10588 W unknown:ViewManagerPropertyUpdater: Could not find generated setter for class com.horcrux.svg.RenderableViewManager$RadialGradientManager
06-04 12:45:28.768 10568 10588 W unknown:ViewManagerPropertyUpdater: Could not find generated setter for class com.horcrux.svg.RenderableViewManager$MaskManager
06-04 12:45:28.768 10568 10588 W unknown:ViewManagerPropertyUpdater: Could not find generated setter for class com.facebook.react.views.unimplementedview.ReactUnimplementedViewManager
06-04 12:45:28.769 10568 10588 W unknown:ViewManagerPropertyUpdater: Could not find generated setter for class com.horcrux.svg.RenderableViewManager$RectViewManager
06-04 12:45:28.769 10568 10588 W unknown:ViewManagerPropertyUpdater: Could not find generated setter for class com.horcrux.svg.RenderableViewManager$TextPathViewManager
06-04 12:45:28.769 10568 10588 W unknown:ViewManagerPropertyUpdater: Could not find generated setter for class com.facebook.react.views.scroll.ReactScrollViewManager
06-04 12:45:28.770 10568 10588 W unknown:ViewManagerPropertyUpdater: Could not find generated setter for class com.horcrux.svg.RenderableViewManager$FeOffsetManager
06-04 12:45:28.770 10568 10588 W unknown:ViewManagerPropertyUpdater: Could not find generated setter for class com.horcrux.svg.RenderableViewManager$PathViewManager
06-04 12:45:28.771 10568 10588 W unknown:ViewManagerPropertyUpdater: Could not find generated setter for class com.facebook.react.views.drawer.ReactDrawerLayoutManager
06-04 12:45:28.771 10568 10588 W unknown:ViewManagerPropertyUpdater: Could not find generated setter for class com.facebook.react.views.text.ReactVirtualTextViewManager
06-04 12:45:28.771 10568 10588 W unknown:ViewManagerPropertyUpdater: Could not find generated setter for class com.facebook.react.views.text.ReactVirtualTextShadowNode
06-04 12:45:28.771 10568 10588 W unknown:ViewManagerPropertyUpdater: Could not find generated setter for class com.facebook.react.views.swiperefresh.SwipeRefreshLayoutManager
06-04 12:45:28.772 10568 10588 W unknown:ViewManagerPropertyUpdater: Could not find generated setter for class com.facebook.react.views.text.ReactRawTextManager
06-04 12:45:28.772 10568 10588 W unknown:ViewManagerPropertyUpdater: Could not find generated setter for class com.facebook.react.views.text.ReactRawTextShadowNode
06-04 12:45:28.772 10568 10588 W unknown:ViewManagerPropertyUpdater: Could not find generated setter for class com.facebook.react.views.textinput.ReactTextInputManager
06-04 12:45:28.773 10568 10588 W unknown:ViewManagerPropertyUpdater: Could not find generated setter for class com.facebook.react.views.textinput.ReactTextInputShadowNode
06-04 12:45:28.773 10568 10588 W unknown:ViewManagerPropertyUpdater: Could not find generated setter for class com.swmansion.gesturehandler.react.RNGestureHandlerRootViewManager
06-04 12:45:28.774 10568 10588 W BridgelessReactContext: [WARNING] Bridgeless doesn't support CatalystInstance. Accessing an API that's not part of the new architecture is not encouraged usage.
06-04 12:45:28.775 10568 10588 I ExpoModulesCore: ✅ JSI interop was installed
06-04 12:45:28.775 10568 10588 I ExpoModulesCore: ✅ Constants were exported
06-04 12:45:28.781 10568 10588 D nativeloader: Load /data/app/~~hEqKB9ejhtW4yy-MypAY3A==/com.harshgupta1708.gymtracker-MbePqUHj8VOjkJ7B-m3AaA==/base.apk!/lib/arm64-v8a/librnscreens.so using class loader ns clns-9 (caller=/data/app/~~hEqKB9ejhtW4yy-MypAY3A==/com.harshgupta1708.gymtracker-MbePqUHj8VOjkJ7B-m3AaA==/base.apk!classes2.dex): ok
06-04 12:45:28.789 10568 10588 I ReactNativeJS: Running "main"
06-04 12:45:28.815   489   572 W skia    : AGTM parsing failed flags.readFromStream(s) at 159
06-04 12:45:28.815   489   572 W skia    : AGTM parsing failed flags.readFromStream(s) at 159
06-04 12:45:28.818   638   657 I ActivityTaskManager: Displayed com.harshgupta1708.gymtracker/.MainActivity for user 0: +213ms
06-04 12:45:28.819   638   660 W ProcessStats: Tracking association SourceState{f72c9b4 com.google.android.apps.nexuslauncher/10192 BTop #10781} whose proc state 2 is better than process ProcessState{ba4486e com.google.android.apps.wellbeing/10159 pkg=com.google.android.apps.wellbeing} proc state 14 (11 skipped)
06-04 12:45:28.839 10568 10588 I HWUI    : Using FreeType backend (prop=Auto)
06-04 12:45:28.855   638   757 I ImeTracker: com.harshgupta1708.gymtracker:25e3067d: onRequestHide at ORIGIN_SERVER reason HIDE_UNSPECIFIED_WINDOW fromUser false userId 0 displayId 0
06-04 12:45:28.856 10568 10568 D InsetsController: hide(ime())
06-04 12:45:28.856 10568 10568 I ImeTracker: com.harshgupta1708.gymtracker:25e3067d: onCancelled at PHASE_CLIENT_ALREADY_HIDDEN
06-04 12:45:28.856   638  1154 W InputChannel-JNI: Channel already disposed.
06-04 12:45:28.857  7930  7930 I GoogleInputMethodService: GoogleInputMethodService.onFinishInput():2159 
06-04 12:45:28.857   638  2277 I ImeTracker: system_server:a4e21181: onRequestHide at ORIGIN_SERVER reason IME_REQUESTED_CHANGED_LISTENER fromUser false displayId 0
06-04 12:45:28.857  7930  7930 I Module  : DeviceLockedStatusModuleProvider$Module.updateDeviceLockedStatus():103 repeatCheckTimes = 0, locked = false
06-04 12:45:28.857  7930  7930 I GoogleInputMethodService: GoogleInputMethodService.onStartInput():1434 onStartInput(EditorInfo{EditorInfo{packageName=com.harshgupta1708.gymtracker, inputType=0, inputTypeString=NULL, enableLearning=false, autoCorrection=false, autoComplete=false, imeOptions=0, privateImeOptions=null, actionName=UNSPECIFIED, actionLabel=null, initialSelStart=-1, initialSelEnd=-1, initialCapsMode=0, label=null, fieldId=0, fieldName=null, extras=null, hintText=null, hintLocales=[]}}, false)
06-04 12:45:28.857  7930  7930 W AndroidIME: LatinIMEBase.updateInputViewCoverNavigation():317 Null input view, cannot update padding!
06-04 12:45:28.857   638   660 I ImeTracker: system_server:a4e21181: onCancelled at PHASE_SERVER_SHOULD_HIDE
06-04 12:45:28.857  7930  7930 I Module  : DeviceLockedStatusModuleProvider$Module.updateDeviceLockedStatus():103 repeatCheckTimes = 1, locked = false
06-04 12:45:28.858   638  1154 W PackageConfigPersister: App-specific configuration not found for packageName: com.harshgupta1708.gymtracker and userId: 0
06-04 12:45:28.886  2482  2750 W AiAiEcho: LyftNotificationParser Ridesharing ETA not enabled
06-04 12:45:28.886  2482  2750 I AiAiEcho: SmartspaceNotificationPredictor no parser can handle this notification or notification is invalid
06-04 12:45:28.916   489   572 W skia    : AGTM parsing failed flags.readFromStream(s) at 159
06-04 12:45:28.916   489   572 W skia    : AGTM parsing failed flags.readFromStream(s) at 159
06-04 12:45:28.942  1083  1177 V WindowManagerShell: Transition animation finished (aborted=false), notifying core (#107) android.os.BinderProxy@83c40f3@1
06-04 12:45:28.944   638   657 V WindowManager: Finish Transition (#107): created at 06-04 12:45:28.608 collect-started=0.007ms request-sent=3.675ms started=7.686ms ready=26.856ms sent=27.361ms commit=7.045ms finished=335.771ms
06-04 12:45:28.944  1398  1398 D VRI[NexusLauncherActivity]: visibilityChanged oldVisibility=true newVisibility=false
06-04 12:45:28.944  1083  1386 D WallpaperService: onVisibilityChanged(false): com.android.systemui.wallpapers.ImageWallpaper$CanvasEngine@74ea0ff
06-04 12:45:28.945   638   657 V WindowManager: Finish Transition (#108): created at 06-04 12:45:28.681 collect-started=0.015ms started=0.022ms ready=0.184ms sent=0.521ms finished=263.745ms
06-04 12:45:28.946  1083  1177 V WindowManagerShell: Track 1 became idle
06-04 12:45:28.946  1083  1177 V WindowManagerShell: All active transition animations finished
06-04 12:45:28.948   546   599 W libbinder.IPCThreadState: Sending oneway calls to frozen process.
06-04 12:45:28.948   546   599 W libbinder.IPCThreadState: Sending oneway calls to frozen process.
06-04 12:45:28.960  1398  1398 D SmartspaceInteractor: notifySmartspaceEvent: SmartspaceTargetEvent{mSmartspaceTarget=null, mSmartspaceActionId='null', mEventType=7}
06-04 12:45:28.963  2482  2671 I AiAiEcho: AmbientDataPredictorImpl No tracked ambient data found for ID: null; for event type: 7, skipping event processing.
06-04 12:45:28.963  1398  1398 D BaseActivity: Launcher flags updated: [] -[state_started]
06-04 12:45:28.963  1398  1398 D BaseDepthController: setSurface:
06-04 12:45:28.963  1398  1398 D BaseDepthController: 	mWaitingOnSurfaceValidity: false
06-04 12:45:28.963  1398  1398 D BaseDepthController: 	mBaseSurface: null
06-04 12:45:28.963  1398  1398 D BaseDepthController: mSurface is null and mCurrentBlur is: 0
06-04 12:45:28.963  1398  1398 D LauncherStateManager: StateManager.goToState: fromState: Normal, toState: Normal, partial trace:
06-04 12:45:28.963  1398  1398 D LauncherStateManager: 	at com.android.launcher3.statemanager.StateManager.moveToRestState(go/retraceme 4b96215a9d9b4c1494121442fbf9d6e89857c91e1d76ddcc689701971259418a:26)
06-04 12:45:28.963  1398  1398 D LauncherStateManager: 	at com.android.launcher3.statemanager.StateManager.moveToRestState(go/retraceme 4b96215a9d9b4c1494121442fbf9d6e89857c91e1d76ddcc689701971259418a:35)
06-04 12:45:28.963  1398  1398 D LauncherStateManager: 	at com.android.launcher3.statemanager.StatefulActivity.onStop(go/retraceme 4b96215a9d9b4c1494121442fbf9d6e89857c91e1d76ddcc689701971259418a:31)
06-04 12:45:28.963  1398  1398 D LauncherStateManager: StateManager.onRepeatStateSetAborted: state: Normal
06-04 12:45:28.963  1398  1398 D KeyboardStateManager: hideKeyboard
06-04 12:45:28.963  1398  1398 D KeyboardStateManager: isImeShown: false
06-04 12:45:28.963  1398  1398 D StatsLog: LAUNCHER_ONSTOP
06-04 12:45:28.964  1398  1398 D StatsLog: LAUNCHER_GOOGLE_SEARCH_RESTORE_LIST_SIZE_AFTER_ACTIVITY_RESTART
06-04 12:45:28.995   546   599 W libbinder.IPCThreadState: Sending oneway calls to frozen process.
06-04 12:45:28.996   546   599 W libbinder.IPCThreadState: Sending oneway calls to frozen process.
06-04 12:45:29.012  1083  1229 D WindowOnBackDispatcher: setTopOnBackInvokedCallback (unwrapped): null
06-04 12:45:29.012   638  1154 D CoreBackPreview: Window{ff828d u0 Splash Screen com.harshgupta1708.gymtracker}: Setting back callback null
06-04 12:45:29.016   489   572 W skia    : AGTM parsing failed flags.readFromStream(s) at 159
06-04 12:45:29.034  1083  1097 W System  : A resource failed to call release. 
06-04 12:45:29.034  1083  1097 W System  : A resource failed to call release. 
06-04 12:45:29.034  1083  1097 W System  : A resource failed to call release. 
06-04 12:45:29.034  1083  1097 W System  : A resource failed to call release. 
06-04 12:45:29.034  1083  1097 W System  : A resource failed to call release. 
06-04 12:45:29.034  1083  1097 W System  : A resource failed to call release. 
06-04 12:45:29.117   489   572 W skia    : AGTM parsing failed flags.readFromStream(s) at 159
06-04 12:45:29.214   546   599 W libbinder.IPCThreadState: Sending oneway calls to frozen process.
06-04 12:45:29.214   546   599 W libbinder.IPCThreadState: Sending oneway calls to frozen process.
06-04 12:45:29.214  7630  7688 I FontLog : (REDACTED) Received query %s, URI %s
06-04 12:45:29.214  7630  7688 I FontLog : (REDACTED) Query [%s] resolved to %s
06-04 12:45:29.215  7630  7688 I FontLog : (REDACTED) Fetch %s end status %s
06-04 12:45:29.217  7630  7688 I FontLog : (REDACTED) Pulling font file for id = %d, cache size = %d
06-04 12:45:29.218   489   572 W skia    : AGTM parsing failed flags.readFromStream(s) at 159
06-04 12:45:29.220  7630  7688 I FontLog : (REDACTED) Pulling font file for id = %d, cache size = %d
06-04 12:45:29.319   489   572 W skia    : AGTM parsing failed flags.readFromStream(s) at 159
06-04 12:45:29.420   489   572 W skia    : AGTM parsing failed flags.readFromStream(s) at 159
06-04 12:45:29.529   489   572 W skia    : AGTM parsing failed flags.readFromStream(s) at 159
06-04 12:45:29.630   489   572 W skia    : AGTM parsing failed flags.readFromStream(s) at 159
06-04 12:45:30.607   638  1014 I AdbWifiNetworkMonitor: Wi-Fi network available
06-04 12:45:30.607   638  1014 I AdbWifiNetworkMonitor: Received the same Wi-Fi SSID. Ignoring.
06-04 12:45:30.608   638   985 I HalDevMgr: bestIfaceCreationProposal is null, requestIface=STA, existingIface=[name=wlan0 type=STA]
06-04 12:45:30.612   638   991 W libbinder.IPCThreadState: Sending oneway calls to frozen process.
06-04 12:45:30.612   638   991 W libbinder.IPCThreadState: Sending oneway calls to frozen process.
06-04 12:45:30.612   638   991 W libbinder.IPCThreadState: Sending oneway calls to frozen process.
06-04 12:45:30.615  7630  7688 I NullBinder: NullBinder for android.net.action.RECOMMEND_NETWORKS triggering remote TransactionTooLargeException due to Service without Chimera impl, calling uid: 1000, calling pid: 0
06-04 12:45:30.615  7630  7688 W libbinder.Binder: Large reply transaction of 1056768 bytes, interface descriptor , function: UNKNOWN_FUNCTION_NAME, code: 1, flags: 17
06-04 12:45:30.617   638   991 D ConnectivityService: NetReassign [no changes] [c 0] [a 1] [i 0]
06-04 12:45:30.618  7630  7708 I NearbyMediums: Wifi changed new SSID: "AndroidWifi"
06-04 12:45:30.618  7630  7708 I NearbyMediums: WifiLanConnectivityInfo is not changed, skip notify.
06-04 12:45:31.068   638  3487 E TaskPersister: File error accessing recents directory (directory doesn't exist?).
06-04 12:45:31.584  1237  1373 D SatelliteController: isInCarrierRoamingNbIotNtn: satellite is disabled
06-04 12:45:31.584  1237  1373 D SatelliteController: getCarrierRoamingNtnConnectType: Checking connect type from PLMN config for subId: 1
06-04 12:45:31.584  1237  1373 D TelephonyConfigUpdateInstallReceiver: getConfigParser: domain=satellite
06-04 12:45:31.584  1237  1373 V SatelliteController: satelliteConfigParser is not ready
06-04 12:45:31.584  1237  1373 D SatelliteController: isSatelliteAttachSupportedViaConfigupdater: return null (satelliteConfig is null)
06-04 12:45:31.585  1237  1373 D SatelliteController: getSatellitePerPlmnConfiguration: invalid subId or not supported via carrier.
06-04 12:45:31.585  1237  1373 D SatelliteController: getCarrierRoamingNtnConnectType: config: null
06-04 12:45:31.585  1237  1373 D TelephonyConfigUpdateInstallReceiver: getConfigParser: domain=satellite
06-04 12:45:31.585  1237  1373 V SatelliteController: satelliteConfigParser is not ready
06-04 12:45:31.585  1237  1373 D SatelliteController: getCarrierRoamingNtnConnectTypeViaConfigUpdater: return null (satelliteConfig is null)
06-04 12:45:31.585  1237  1373 D SatelliteController: getCarrierRoamingNtnConnectType: Falling back to global carrier config connect type: 0
06-04 12:45:31.585  1237  1373 D TelephonyConfigUpdateInstallReceiver: getConfigParser: domain=satellite
06-04 12:45:31.585  1237  1373 V SatelliteController: satelliteConfigParser is not ready
06-04 12:45:31.585  1237  1373 D SatelliteController: isSatelliteAttachSupportedViaConfigupdater: return null (satelliteConfig is null)
06-04 12:45:31.585  1237  1373 D SatelliteController: getCarrierRoamingNtnConnectType: Checking connect type from PLMN config for subId: 1
06-04 12:45:31.585  1237  1373 D TelephonyConfigUpdateInstallReceiver: getConfigParser: domain=satellite
06-04 12:45:31.585  1237  1373 V SatelliteController: satelliteConfigParser is not ready
06-04 12:45:31.585  1237  1373 D SatelliteController: isSatelliteAttachSupportedViaConfigupdater: return null (satelliteConfig is null)
06-04 12:45:31.585  1237  1373 D SatelliteController: getSatellitePerPlmnConfiguration: invalid subId or not supported via carrier.
06-04 12:45:31.585  1237  1373 D SatelliteController: getCarrierRoamingNtnConnectType: config: null
06-04 12:45:31.585  1237  1373 D TelephonyConfigUpdateInstallReceiver: getConfigParser: domain=satellite
06-04 12:45:31.585  1237  1373 V SatelliteController: satelliteConfigParser is not ready
06-04 12:45:31.585  1237  1373 D SatelliteController: getCarrierRoamingNtnConnectTypeViaConfigUpdater: return null (satelliteConfig is null)
06-04 12:45:31.585  1237  1373 D SatelliteController: getCarrierRoamingNtnConnectType: Falling back to global carrier config connect type: 0
06-04 12:45:31.585  1237  1373 D TelephonyConfigUpdateInstallReceiver: getConfigParser: domain=satellite
06-04 12:45:31.585  1237  1373 V SatelliteController: satelliteConfigParser is not ready
06-04 12:45:31.585  1237  1373 D SatelliteController: isSatelliteAttachSupportedViaConfigupdater: return null (satelliteConfig is null)
06-04 12:45:31.614   489   572 W skia    : AGTM parsing failed flags.readFromStream(s) at 159
06-04 12:45:32.680  1770  1770 I adbd    : adbd service requested 'shell,v2:export ANDROID_LOG_TAGS=''; exec logcat '-d''
